[17:28:53] ================================================================================
[17:28:53] KL DIVERGENCE ANALYSIS PIPELINE
[17:28:53] ================================================================================
[17:28:53] Start time: 2025-12-06 17:28:53

[17:28:53] 
================================================================================
[17:28:53] LOADING DATA
[17:28:53] ================================================================================
[17:28:53] Loading metadata...
[17:28:54]   Total sentences: 33522
[17:28:54] 
Loading base activations...
[17:28:54]   Layer 8: (33522, 1536)
[17:28:54]   Layer 16: (33522, 1536)
[17:28:54]   Layer 24: (33522, 1536)
[17:28:54]   Layer 28: (33522, 1536)
[17:28:54] 
Loading instruct activations...
[17:28:54]   Layer 8: (33522, 1536)
[17:28:54]   Layer 16: (33522, 1536)
[17:28:54]   Layer 24: (33522, 1536)
[17:28:55]   Layer 28: (33522, 1536)
[17:28:55] 
Inferring question types from sentences...
[17:28:55] 
Data loading complete!
[17:28:55]   Groups: ['suppression' 'enhancement' 'control']
[17:28:55]   Attributes: 16
[17:28:55]   States: 36
[17:28:55]   Question types: 4
[17:28:55] ================================================================================
[17:28:55] RUN start | label='default' | PCA=False dim=100
[17:28:55] ================================================================================
[17:28:55] 
================================================================================
[17:28:55] OVERALL KL DIVERGENCE ANALYSIS
[17:28:55] ================================================================================
[17:28:55] 
Layer 8...
