[04:25:53] ================================================================================
[04:25:53] KL DIVERGENCE ANALYSIS PIPELINE
[04:25:53] ================================================================================
[04:25:53] Start time: 2025-12-09 04:25:53

[04:25:53] 
================================================================================
[04:25:53] LOADING DATA
[04:25:53] ================================================================================
[04:25:53] Loading metadata...
[04:25:53]   Total sentences: 33522
[04:25:53] 
Loading base activations...
[04:25:53]   Layer 8: (33522, 1536)
[04:25:54]   Layer 16: (33522, 1536)
[04:25:54]   Layer 24: (33522, 1536)
[04:25:55]   Layer 28: (33522, 1536)
[04:25:55] 
Loading instruct activations...
[04:25:55]   Layer 8: (33522, 1536)
[04:25:56]   Layer 16: (33522, 1536)
[04:25:56]   Layer 24: (33522, 1536)
[04:25:56]   Layer 28: (33522, 1536)
[04:25:56] 
Inferring question types from sentences...
[04:25:57] 
Data loading complete!
[04:25:57]   Groups: ['suppression' 'enhancement' 'control']
[04:25:57]   Attributes: 16
[04:25:57]   States: 36
[04:25:57]   Question types: 4
[04:25:57] ================================================================================
[04:25:57] RUN start | label='default' | PCA=False dim=100
[04:25:57] ================================================================================
[04:25:57] 
================================================================================
[04:25:57] OVERALL KL DIVERGENCE ANALYSIS
[04:25:57] ================================================================================
[04:25:57] 
Layer 8...
[04:37:41]   KL divergence: 112.607141
[04:37:41]   JS divergence: 25.743347
[04:37:41] 
Layer 16...
[04:49:25]   KL divergence: 106.843401
[04:49:25]   JS divergence: 24.649073
[04:49:25] 
Layer 24...
[05:01:11]   KL divergence: 115.477957
[05:01:11]   JS divergence: 25.253235
[05:01:11] 
Layer 28...
[05:12:56]   KL divergence: 335.042971
[05:12:56]   JS divergence: 78.275387
[05:12:56] 
Generating overall KL divergence plot...
[05:12:57]   Saved: overall_kl_divergence.png
[05:12:57] 
================================================================================
[05:12:57] GROUP-LEVEL KL DIVERGENCE ANALYSIS
[05:12:57] ================================================================================
[05:12:57] 
SUPPRESSION GROUP:
[05:12:57]   Samples: 11934
[05:19:50]   Layer 8 - KL: 122.311894
[05:26:45]   Layer 16 - KL: 113.574961
[05:33:39]   Layer 24 - KL: 124.244601
[05:40:33]   Layer 28 - KL: 345.850740
[05:40:33] 
ENHANCEMENT GROUP:
[05:40:33]   Samples: 11970
[05:47:30]   Layer 8 - KL: 120.487202
[05:54:27]   Layer 16 - KL: 112.558323
[06:01:20]   Layer 24 - KL: 122.907960
[06:08:12]   Layer 28 - KL: 343.985377
[06:08:12] 
CONTROL GROUP:
[06:08:12]   Samples: 9618
[06:14:33]   Layer 8 - KL: 136.251839
[06:20:57]   Layer 16 - KL: 121.521868
[06:27:18]   Layer 24 - KL: 136.777132
[06:33:38]   Layer 28 - KL: 379.925218
[06:33:38] 
Generating group-level KL divergence plots...
[06:33:39]   Saved: group_kl_divergence.png
[06:33:39] 
================================================================================
[06:33:39] ATTRIBUTE-LEVEL KL DIVERGENCE ANALYSIS
[06:33:39] ================================================================================
[10:46:09] Completed 16 attributes
[10:46:09] 
Generating attribute-level KL divergence heatmap...
[10:46:10]   Saved: attribute_kl_heatmap.png
[10:46:11]   Saved: top_attributes_by_layer.png
[10:46:11] 
================================================================================
[10:46:11] STATE-LEVEL KL DIVERGENCE ANALYSIS
[10:46:11] ================================================================================
[17:53:43] Completed 36 states
[17:53:43] 
Generating state-level KL divergence heatmap...
[17:53:44]   Saved: state_kl_heatmap.png
[17:53:45]   Saved: top_states_layer24.png
[17:53:45] 
================================================================================
[17:53:45] QUESTION-TYPE-LEVEL KL DIVERGENCE ANALYSIS
[17:53:45] ================================================================================
[17:53:45] 
CULTURAL_PRACTICE:
[17:53:45]   Samples: 14739
[18:01:15]   Layer 8 - KL: 128.057624
[18:08:46]   Layer 16 - KL: 120.496447
[18:16:15]   Layer 24 - KL: 133.211244
[18:23:44]   Layer 28 - KL: 359.874700
[18:23:44] 
FESTIVAL:
[18:23:44]   Samples: 3440
[18:28:40]   Layer 8 - KL: 170.661688
[18:33:36]   Layer 16 - KL: 146.635397
[18:38:30]   Layer 24 - KL: 159.646275
[18:43:25]   Layer 28 - KL: 438.450851
[18:43:25] 
GENERAL:
[18:43:25]   Samples: 15204
[18:51:02]   Layer 8 - KL: 116.315843
[18:58:42]   Layer 16 - KL: 108.521930
[19:06:18]   Layer 24 - KL: 117.520333
[19:13:52]   Layer 28 - KL: 331.666902
[19:13:52] 
KNOWN_FOR:
[19:13:52]   Samples: 139
[19:16:32]   Layer 8 - KL: 79.141890
[19:19:08]   Layer 16 - KL: 94.502953
[19:21:55]   Layer 24 - KL: 75.322193
[19:24:41]   Layer 28 - KL: 183.302027
[19:24:41] 
Generating question-type-level KL divergence plot...
[19:24:42]   Saved: question_type_kl_divergence.png
[19:24:42] 
================================================================================
[19:24:42] REGION-LEVEL KL DIVERGENCE ANALYSIS
[19:24:42] ================================================================================
[19:24:42] 
EAST REGION:
[19:24:42]   Samples: 4167
[19:29:48]   Layer 8 - KL: 170.790299
[19:34:54]   Layer 16 - KL: 146.301620
[19:39:59]   Layer 24 - KL: 168.921275
[19:45:07]   Layer 28 - KL: 488.727069
[19:45:07] 
ISLAND REGION:
[19:45:07]   Samples: 645
[19:47:51]   Layer 8 - KL: 246.947721
[19:50:30]   Layer 16 - KL: 189.952983
[19:53:14]   Layer 24 - KL: 173.942503
[19:55:59]   Layer 28 - KL: 476.896498
[19:55:59] 
NORTH REGION:
[19:55:59]   Samples: 7602
[20:01:51]   Layer 8 - KL: 142.500462
[20:07:47]   Layer 16 - KL: 123.241072
[20:13:38]   Layer 24 - KL: 143.935534
[20:19:30]   Layer 28 - KL: 388.505543
[20:19:30] 
NORTHEAST REGION:
[20:19:30]   Samples: 8961
[20:25:43]   Layer 8 - KL: 149.479613
[20:31:59]   Layer 16 - KL: 134.336035
[20:38:10]   Layer 24 - KL: 159.866297
[20:44:25]   Layer 28 - KL: 441.309865
[20:44:25] 
OTHER REGION:
[20:44:25]   Samples: 924
[20:47:20]   Layer 8 - KL: 272.278586
[20:50:08]   Layer 16 - KL: 232.308793
[20:53:07]   Layer 24 - KL: 248.436361
[20:55:57]   Layer 28 - KL: 605.348842
[20:55:57] 
SOUTH REGION:
[20:55:57]   Samples: 7716
[21:01:51]   Layer 8 - KL: 149.511316
[21:07:48]   Layer 16 - KL: 129.023002
[21:13:43]   Layer 24 - KL: 150.441385
[21:19:37]   Layer 28 - KL: 402.665994
[21:19:37] 
WEST REGION:
[21:19:37]   Samples: 3507
[21:24:34]   Layer 8 - KL: 180.821863
[21:29:30]   Layer 16 - KL: 153.077335
[21:34:25]   Layer 24 - KL: 180.874975
[21:39:20]   Layer 28 - KL: 504.659604
[21:39:20] Completed 7 regions
[21:39:20] 
Generating region-level KL divergence plot...
[21:39:21]   Saved: region_kl_divergence.png
[21:39:21] 
================================================================================
[21:39:21] ATTRIBUTE-CATEGORY-LEVEL KL DIVERGENCE ANALYSIS
[21:39:21] ================================================================================
[21:39:21] 
CULTURAL_PRACTICE:
[21:39:21]   Samples: 10941
[21:46:02]   Layer 8 - KL: 156.158646
[21:52:42]   Layer 16 - KL: 142.051669
[21:59:21]   Layer 24 - KL: 168.917597
[22:06:00]   Layer 28 - KL: 466.285515
[22:06:00] 
HERITAGE:
[22:06:00]   Samples: 9141
[22:12:17]   Layer 8 - KL: 140.073555
[22:18:35]   Layer 16 - KL: 128.506072
[22:24:51]   Layer 24 - KL: 147.422105
[22:31:06]   Layer 28 - KL: 405.734559
[22:31:06] 
IDENTITY:
[22:31:06]   Samples: 4701
[22:36:20]   Layer 8 - KL: 195.811480
[22:41:34]   Layer 16 - KL: 171.113113
[22:46:49]   Layer 24 - KL: 203.708554
[22:52:02]   Layer 28 - KL: 554.667370
[22:52:02] 
INFRASTRUCTURE:
[22:52:02]   Samples: 318
[22:54:49]   Layer 8 - KL: 218.918764
[22:57:32]   Layer 16 - KL: 245.564286
[23:00:25]   Layer 24 - KL: 280.938140
[23:03:16]   Layer 28 - KL: 710.349488
[23:03:16] 
LIFESTYLE:
[23:03:16]   Samples: 3576
[23:08:13]   Layer 8 - KL: 236.846448
[23:13:12]   Layer 16 - KL: 196.691955
[23:18:07]   Layer 24 - KL: 223.339931
[23:23:03]   Layer 28 - KL: 611.322989
[23:23:03] 
OTHER:
[23:23:03]   Samples: 4845
[23:28:20]   Layer 8 - KL: 150.159050
[23:33:37]   Layer 16 - KL: 125.638140
[23:38:53]   Layer 24 - KL: 143.760288
[23:44:08]   Layer 28 - KL: 400.442817
[23:44:08] Completed 6 attribute categories
[23:44:08] 
Generating attribute-category-level KL divergence plot...
[23:44:09]   Saved: attribute_category_kl.png
[23:44:09] 
================================================================================
[23:44:09] INTERACTION ANALYSIS (State × Attribute) WITH HIERARCHICAL FALLBACK
[23:44:09] ================================================================================
[23:44:09] 
Layer 8...
