[08:37:03] ================================================================================
[08:37:03] KL DIVERGENCE ANALYSIS PIPELINE
[08:37:03] ================================================================================
[08:37:03] Start time: 2025-12-08 08:37:03

[08:37:03] 
================================================================================
[08:37:03] LOADING DATA
[08:37:03] ================================================================================
[08:37:03] Loading metadata...
[08:37:04]   Total sentences: 33522
[08:37:04] 
Loading base activations...
[08:37:04]   Layer 8: (33522, 1536)
[08:37:04]   Layer 16: (33522, 1536)
[08:37:05]   Layer 24: (33522, 1536)
[08:37:05]   Layer 28: (33522, 1536)
[08:37:05] 
Loading instruct activations...
[08:37:06]   Layer 8: (33522, 1536)
[08:37:06]   Layer 16: (33522, 1536)
[08:37:07]   Layer 24: (33522, 1536)
[08:37:07]   Layer 28: (33522, 1536)
[08:37:07] 
Inferring question types from sentences...
[08:37:07] 
Data loading complete!
[08:37:07]   Groups: ['suppression' 'enhancement' 'control']
[08:37:07]   Attributes: 16
[08:37:07]   States: 36
[08:37:07]   Question types: 4
[08:37:07] ================================================================================
[08:37:07] RUN start | label='default' | PCA=False dim=100
[08:37:07] ================================================================================
[08:37:07] 
================================================================================
[08:37:07] OVERALL KL DIVERGENCE ANALYSIS
[08:37:07] ================================================================================
[08:37:07] 
Layer 8...
[08:48:16]   KL divergence: 112.607141
[08:48:16]   JS divergence: 25.743347
[08:48:16] 
Layer 16...
[08:59:27]   KL divergence: 106.843401
[08:59:27]   JS divergence: 24.649073
[08:59:27] 
Layer 24...
[09:10:53]   KL divergence: 115.477957
[09:10:53]   JS divergence: 25.253235
[09:10:53] 
Layer 28...
[09:21:57]   KL divergence: 335.042971
[09:21:57]   JS divergence: 78.275387
[09:21:57] 
Generating overall KL divergence plot...
[09:21:58]   Saved: overall_kl_divergence.png
[09:21:58] 
================================================================================
[09:21:58] GROUP-LEVEL KL DIVERGENCE ANALYSIS
[09:21:58] ================================================================================
[09:21:58] 
SUPPRESSION GROUP:
[09:21:58]   Samples: 11934
[09:28:35]   Layer 8 - KL: 122.311894
[09:35:05]   Layer 16 - KL: 113.574961
[09:41:31]   Layer 24 - KL: 124.244601
[09:48:00]   Layer 28 - KL: 345.850740
[09:48:00] 
ENHANCEMENT GROUP:
[09:48:00]   Samples: 11970
[09:54:33]   Layer 8 - KL: 120.487202
[10:01:29]   Layer 16 - KL: 112.558323
[10:08:23]   Layer 24 - KL: 122.907960
[10:15:16]   Layer 28 - KL: 343.985377
[10:15:16] 
CONTROL GROUP:
[10:15:16]   Samples: 9618
[10:21:27]   Layer 8 - KL: 136.251839
[10:27:28]   Layer 16 - KL: 121.521868
[10:33:23]   Layer 24 - KL: 136.777132
[10:39:14]   Layer 28 - KL: 379.925218
[10:39:14] 
Generating group-level KL divergence plots...
[10:39:14]   Saved: group_kl_divergence.png
[10:39:14] 
================================================================================
[10:39:14] ATTRIBUTE-LEVEL KL DIVERGENCE ANALYSIS
[10:39:14] ================================================================================
[14:43:53] Completed 16 attributes
[14:43:53] 
Generating attribute-level KL divergence heatmap...
[14:43:54]   Saved: attribute_kl_heatmap.png
[14:43:55]   Saved: top_attributes_by_layer.png
[14:43:55] 
================================================================================
[14:43:55] STATE-LEVEL KL DIVERGENCE ANALYSIS
[14:43:55] ================================================================================
